// Jest Snapshot v1, https://goo.gl/fbAQLP

exports[`Gizmo shared - Template 1`] = `true`;
