// Jest Snapshot v1, https://goo.gl/fbAQLP

exports[`Gizmo shared - EscalatedField with required escalator 1`] = `
<div
  className="escalated-field-wrapper"
>
  <div
    className="escalated-field-wrapper-flag"
  >
    <i
      aria-label="icon: flag"
      className="anticon anticon-flag"
    >
      <svg
        aria-hidden="true"
        className=""
        data-icon="flag"
        fill="currentColor"
        focusable="false"
        height="1em"
        viewBox="64 64 896 896"
        width="1em"
      >
        <path
          d="M880 305H624V192c0-17.7-14.3-32-32-32H184v-40c0-4.4-3.6-8-8-8h-56c-4.4 0-8 3.6-8 8v784c0 4.4 3.6 8 8 8h56c4.4 0 8-3.6 8-8V640h248v113c0 17.7 14.3 32 32 32h416c17.7 0 32-14.3 32-32V337c0-17.7-14.3-32-32-32zM184 568V232h368v336H184zm656 145H504v-73h112c4.4 0 8-3.6 8-8V377h216v336z"
        />
      </svg>
    </i>
  </div>
  Record was escalated by: oded
</div>
`;
