// Jest Snapshot v1, https://goo.gl/fbAQLP

exports[`gizmo shared - AddNewAspect 1`] = `
<div
  className="add-new-aspect-wrapper"
>
  <section>
    <label>
      Aspect name:
    </label>
    <input
      autoFocus={true}
      className="ant-input"
      onChange={[Function]}
      onKeyDown={[Function]}
      placeholder="Enter Aspect Name"
      type="text"
      value=""
    />
  </section>
  <form
    onSubmit={[Function]}
  >
    <label>
      Aspect values:
    </label>
    <div
      className="values-wrapper"
    >
      <input
        onBlur={[Function]}
        onChange={[Function]}
        type="text"
        value=""
      />
    </div>
  </form>
  <br />
  <section>
    <div
      className="ant-alert ant-alert-info"
      data-show={true}
    >
      <i
        aria-label="icon: info-circle"
        className="anticon anticon-info-circle ant-alert-icon"
      >
        <svg
          aria-hidden="true"
          className=""
          data-icon="info-circle"
          fill="currentColor"
          focusable="false"
          height="1em"
          viewBox="64 64 896 896"
          width="1em"
        >
          <path
            d="M512 64C264.6 64 64 264.6 64 512s200.6 448 448 448 448-200.6 448-448S759.4 64 512 64zm32 664c0 4.4-3.6 8-8 8h-48c-4.4 0-8-3.6-8-8V456c0-4.4 3.6-8 8-8h48c4.4 0 8 3.6 8 8v272zm-32-344a48.01 48.01 0 0 1 0-96 48.01 48.01 0 0 1 0 96z"
          />
        </svg>
      </i>
      <span
        className="ant-alert-message"
      >
        New aspect will be added at the bottom of the aspect list
      </span>
      <span
        className="ant-alert-description"
      />
    </div>
  </section>
</div>
`;
