// Jest Snapshot v1, https://goo.gl/fbAQLP

exports[`Gizmo shared - ActionsPopoverContent 1`] = `
<div
  className="actions-popover-content-wrapper"
>
  <section>
    <button
      className="ant-btn ant-btn-icon-only"
      onClick={[Function]}
      type="button"
    >
      <i
        aria-label="icon: edit"
        className="anticon anticon-edit"
      >
        <svg
          aria-hidden="true"
          className=""
          data-icon="edit"
          fill="currentColor"
          focusable="false"
          height="1em"
          viewBox="64 64 896 896"
          width="1em"
        >
          <path
            d="M257.7 752c2 0 4-.2 6-.5L431.9 722c2-.4 3.9-1.3 5.3-2.8l423.9-423.9a9.96 9.96 0 0 0 0-14.1L694.9 114.9c-1.9-1.9-4.4-2.9-7.1-2.9s-5.2 1-7.1 2.9L256.8 538.8c-1.5 1.5-2.4 3.3-2.8 5.3l-29.5 168.2a33.5 33.5 0 0 0 9.4 29.8c6.6 6.4 14.9 9.9 23.8 9.9zm67.4-174.4L687.8 215l73.3 73.3-362.7 362.6-88.9 15.7 15.6-89zM880 836H144c-17.7 0-32 14.3-32 32v36c0 4.4 3.6 8 8 8h784c4.4 0 8-3.6 8-8v-36c0-17.7-14.3-32-32-32z"
          />
        </svg>
      </i>
    </button>
    <button
      className="ant-btn"
      onClick={[Function]}
      type="button"
    >
      <i
        aria-label="icon: bar-chart"
        className="anticon anticon-bar-chart"
      >
        <svg
          aria-hidden="true"
          className=""
          data-icon="bar-chart"
          fill="currentColor"
          focusable="false"
          height="1em"
          viewBox="64 64 896 896"
          width="1em"
        >
          <path
            d="M888 792H200V168c0-4.4-3.6-8-8-8h-56c-4.4 0-8 3.6-8 8v688c0 4.4 3.6 8 8 8h752c4.4 0 8-3.6 8-8v-56c0-4.4-3.6-8-8-8zm-600-80h56c4.4 0 8-3.6 8-8V560c0-4.4-3.6-8-8-8h-56c-4.4 0-8 3.6-8 8v144c0 4.4 3.6 8 8 8zm152 0h56c4.4 0 8-3.6 8-8V384c0-4.4-3.6-8-8-8h-56c-4.4 0-8 3.6-8 8v320c0 4.4 3.6 8 8 8zm152 0h56c4.4 0 8-3.6 8-8V462c0-4.4-3.6-8-8-8h-56c-4.4 0-8 3.6-8 8v242c0 4.4 3.6 8 8 8zm152 0h56c4.4 0 8-3.6 8-8V304c0-4.4-3.6-8-8-8h-56c-4.4 0-8 3.6-8 8v400c0 4.4 3.6 8 8 8z"
          />
        </svg>
      </i>
      <span>
        Statistics
      </span>
    </button>
    <div
      className="ant-select ant-select-enabled"
      onBlur={[Function]}
      onClick={[Function]}
      onFocus={[Function]}
      onMouseDown={[Function]}
      onMouseOut={[Function]}
      onMouseUp={[Function]}
      onTouchStart={[Function]}
    >
      <div
        aria-autocomplete="list"
        aria-controls="test-uuid"
        aria-expanded={false}
        aria-haspopup="true"
        className="ant-select-selection
            ant-select-selection--single"
        onKeyDown={[Function]}
        role="combobox"
        tabIndex={0}
      >
        <div
          className="ant-select-selection__rendered"
        >
          <div
            className="ant-select-selection__placeholder"
            onClick={[Function]}
            onMouseDown={[Function]}
            style={
              Object {
                "WebkitUserSelect": "none",
                "display": "block",
                "userSelect": "none",
              }
            }
            unselectable="on"
          >
            QA
          </div>
        </div>
        <span
          className="ant-select-arrow"
          onClick={[Function]}
          style={
            Object {
              "WebkitUserSelect": "none",
              "userSelect": "none",
            }
          }
          unselectable="on"
        >
          <i
            aria-label="icon: down"
            className="anticon anticon-down ant-select-arrow-icon"
          >
            <svg
              aria-hidden="true"
              className=""
              data-icon="down"
              fill="currentColor"
              focusable="false"
              height="1em"
              viewBox="64 64 896 896"
              width="1em"
            >
              <path
                d="M884 256h-75c-5.1 0-9.9 2.5-12.9 6.6L512 654.2 227.9 262.6c-3-4.1-7.8-6.6-12.9-6.6h-75c-6.5 0-10.3 7.4-6.5 12.7l352.6 486.1c12.8 17.6 39 17.6 51.7 0l352.6-486.1c3.9-5.3.1-12.7-6.4-12.7z"
              />
            </svg>
          </i>
        </span>
      </div>
    </div>
    <button
      className="ant-btn"
      onClick={[Function]}
      type="button"
    >
      <i
        aria-label="icon: wechat"
        className="anticon anticon-wechat"
      >
        <svg
          aria-hidden="true"
          className=""
          data-icon="wechat"
          fill="currentColor"
          focusable="false"
          height="1em"
          viewBox="64 64 896 896"
          width="1em"
        >
          <path
            d="M690.1 377.4c5.9 0 11.8.2 17.6.5-24.4-128.7-158.3-227.1-319.9-227.1C209 150.8 64 271.4 64 420.2c0 81.1 43.6 154.2 111.9 203.6a21.5 21.5 0 0 1 9.1 17.6c0 2.4-.5 4.6-1.1 6.9-5.5 20.3-14.2 52.8-14.6 54.3-.7 2.6-1.7 5.2-1.7 7.9 0 5.9 4.8 10.8 10.8 10.8 2.3 0 4.2-.9 6.2-2l70.9-40.9c5.3-3.1 11-5 17.2-5 3.2 0 6.4.5 9.5 1.4 33.1 9.5 68.8 14.8 105.7 14.8 6 0 11.9-.1 17.8-.4-7.1-21-10.9-43.1-10.9-66 0-135.8 132.2-245.8 295.3-245.8zm-194.3-86.5c23.8 0 43.2 19.3 43.2 43.1s-19.3 43.1-43.2 43.1c-23.8 0-43.2-19.3-43.2-43.1s19.4-43.1 43.2-43.1zm-215.9 86.2c-23.8 0-43.2-19.3-43.2-43.1s19.3-43.1 43.2-43.1 43.2 19.3 43.2 43.1-19.4 43.1-43.2 43.1zm586.8 415.6c56.9-41.2 93.2-102 93.2-169.7 0-124-120.8-224.5-269.9-224.5-149 0-269.9 100.5-269.9 224.5S540.9 847.5 690 847.5c30.8 0 60.6-4.4 88.1-12.3 2.6-.8 5.2-1.2 7.9-1.2 5.2 0 9.9 1.6 14.3 4.1l59.1 34c1.7 1 3.3 1.7 5.2 1.7a9 9 0 0 0 6.4-2.6 9 9 0 0 0 2.6-6.4c0-2.2-.9-4.4-1.4-6.6-.3-1.2-7.6-28.3-12.2-45.3-.5-1.9-.9-3.8-.9-5.7.1-5.9 3.1-11.2 7.6-14.5zM600.2 587.2c-19.9 0-36-16.1-36-35.9 0-19.8 16.1-35.9 36-35.9s36 16.1 36 35.9c0 19.8-16.2 35.9-36 35.9zm179.9 0c-19.9 0-36-16.1-36-35.9 0-19.8 16.1-35.9 36-35.9s36 16.1 36 35.9a36.08 36.08 0 0 1-36 35.9z"
          />
        </svg>
      </i>
      <span>
        Comment
      </span>
    </button>
    <button
      className="ant-btn"
      onClick={[Function]}
      type="button"
    >
      <i
        aria-label="icon: eye"
        className="anticon anticon-eye"
      >
        <svg
          aria-hidden="true"
          className=""
          data-icon="eye"
          fill="currentColor"
          focusable="false"
          height="1em"
          viewBox="64 64 896 896"
          width="1em"
        >
          <path
            d="M942.2 486.2C847.4 286.5 704.1 186 512 186c-192.2 0-335.4 100.5-430.2 300.3a60.3 60.3 0 0 0 0 51.5C176.6 737.5 319.9 838 512 838c192.2 0 335.4-100.5 430.2-300.3 7.7-16.2 7.7-35 0-51.5zM512 766c-161.3 0-279.4-81.8-362.7-254C232.6 339.8 350.7 258 512 258c161.3 0 279.4 81.8 362.7 254C791.5 684.2 673.4 766 512 766zm-4-430c-97.2 0-176 78.8-176 176s78.8 176 176 176 176-78.8 176-176-78.8-176-176-176zm0 288c-61.9 0-112-50.1-112-112s50.1-112 112-112 112 50.1 112 112-50.1 112-112 112z"
          />
        </svg>
      </i>
      <span>
        Viewer
      </span>
    </button>
    <button
      className="ant-btn"
      onClick={[Function]}
      type="button"
    >
      <i
        aria-label="icon: profile"
        className="anticon anticon-profile"
      >
        <svg
          aria-hidden="true"
          className=""
          data-icon="profile"
          fill="currentColor"
          focusable="false"
          height="1em"
          viewBox="64 64 896 896"
          width="1em"
        >
          <path
            d="M880 112H144c-17.7 0-32 14.3-32 32v736c0 17.7 14.3 32 32 32h736c17.7 0 32-14.3 32-32V144c0-17.7-14.3-32-32-32zm-40 728H184V184h656v656zM492 400h184c4.4 0 8-3.6 8-8v-48c0-4.4-3.6-8-8-8H492c-4.4 0-8 3.6-8 8v48c0 4.4 3.6 8 8 8zm0 144h184c4.4 0 8-3.6 8-8v-48c0-4.4-3.6-8-8-8H492c-4.4 0-8 3.6-8 8v48c0 4.4 3.6 8 8 8zm0 144h184c4.4 0 8-3.6 8-8v-48c0-4.4-3.6-8-8-8H492c-4.4 0-8 3.6-8 8v48c0 4.4 3.6 8 8 8zM340 368a40 40 0 1 0 80 0 40 40 0 1 0-80 0zm0 144a40 40 0 1 0 80 0 40 40 0 1 0-80 0zm0 144a40 40 0 1 0 80 0 40 40 0 1 0-80 0z"
          />
        </svg>
      </i>
      <span>
        Category Assignment
      </span>
    </button>
  </section>
  <section>
    <button
      className="ant-btn ant-btn-icon-only"
      onClick={[Function]}
      type="button"
    >
      <i
        aria-label="icon: delete"
        className="anticon anticon-delete"
      >
        <svg
          aria-hidden="true"
          className=""
          data-icon="delete"
          fill="currentColor"
          focusable="false"
          height="1em"
          viewBox="64 64 896 896"
          width="1em"
        >
          <path
            d="M360 184h-8c4.4 0 8-3.6 8-8v8h304v-8c0 4.4 3.6 8 8 8h-8v72h72v-80c0-35.3-28.7-64-64-64H352c-35.3 0-64 28.7-64 64v80h72v-72zm504 72H160c-17.7 0-32 14.3-32 32v32c0 4.4 3.6 8 8 8h60.4l24.7 523c1.6 34.1 29.8 61 63.9 61h454c34.2 0 62.3-26.8 63.9-61l24.7-523H888c4.4 0 8-3.6 8-8v-32c0-17.7-14.3-32-32-32zM731.3 840H292.7l-24.2-512h487l-24.2 512z"
          />
        </svg>
      </i>
    </button>
  </section>
</div>
`;
