// Jest Snapshot v1, https://goo.gl/fbAQLP

exports[`gizmo shared - ImageCard 1`] = `
<div
  className="image-card-wrapper"
>
  <span
    className="ant-avatar image-avatar ant-avatar-square ant-avatar-image"
    style={
      Object {
        "fontSize": 18,
        "height": 141,
        "lineHeight": "141px",
        "width": 141,
      }
    }
  >
    <img
      alt="1"
      onError={[Function]}
      src="https://www.denverpost.com/wp-content/uploads/2016/05/20120419__20120422_E1_AE22SCPIRATESp1.jpg?w=600"
    />
  </span>
  <button
    className="ant-btn image-number ant-btn-circle"
    onClick={[Function]}
    type="button"
  >
    1
  </button>
  
  
  <div
    className="image-footer-section"
  >
    <span
      className="image-size-details"
    >
      221x150
    </span>
    <i
      aria-label="icon: search"
      className="anticon anticon-search image-search-icon"
      onClick={[Function]}
      onMouseDown={[Function]}
      onTouchStart={[Function]}
      tabIndex={-1}
    >
      <svg
        aria-hidden="true"
        className=""
        data-icon="search"
        fill="currentColor"
        focusable="false"
        height="1em"
        viewBox="64 64 896 896"
        width="1em"
      >
        <path
          d="M909.6 854.5L649.9 594.8C690.2 542.7 712 479 712 412c0-80.2-31.3-155.4-87.9-212.1-56.6-56.7-132-87.9-212.1-87.9s-155.5 31.3-212.1 87.9C143.2 256.5 112 331.8 112 412c0 80.1 31.3 155.5 87.9 212.1C256.5 680.8 331.8 712 412 712c67 0 130.6-21.8 182.7-62l259.7 259.6a8.2 8.2 0 0 0 11.6 0l43.6-43.5a8.2 8.2 0 0 0 0-11.6zM570.4 570.4C528 612.7 471.8 636 412 636s-116-23.3-158.4-65.6C211.3 528 188 471.8 188 412s23.3-116.1 65.6-158.4C296 211.3 352.2 188 412 188s116.1 23.2 158.4 65.6S636 352.2 636 412s-23.3 116.1-65.6 158.4z"
        />
      </svg>
    </i>
    <i
      aria-label="icon: delete"
      className="anticon anticon-delete image-delete-icon"
      onClick={[Function]}
      onMouseDown={[Function]}
      onTouchStart={[Function]}
      tabIndex={-1}
    >
      <svg
        aria-hidden="true"
        className=""
        data-icon="delete"
        fill="currentColor"
        focusable="false"
        height="1em"
        viewBox="64 64 896 896"
        width="1em"
      >
        <path
          d="M360 184h-8c4.4 0 8-3.6 8-8v8h304v-8c0 4.4 3.6 8 8 8h-8v72h72v-80c0-35.3-28.7-64-64-64H352c-35.3 0-64 28.7-64 64v80h72v-72zm504 72H160c-17.7 0-32 14.3-32 32v32c0 4.4 3.6 8 8 8h60.4l24.7 523c1.6 34.1 29.8 61 63.9 61h454c34.2 0 62.3-26.8 63.9-61l24.7-523H888c4.4 0 8-3.6 8-8v-32c0-17.7-14.3-32-32-32zM731.3 840H292.7l-24.2-512h487l-24.2 512z"
        />
      </svg>
    </i>
  </div>
</div>
`;
